node.exe : npm verbose cli C:\nvm4w\nodejs\node.exe 
C:\Users\Administrator\AppData\Roaming\npm\node_modules\npm\bin\npm-cli.js
At C:\nvm4w\nodejs\npm.ps1:29 char:3
+   & $NODE_EXE $NPM_CLI_JS $args
+   ~~~~~~~~~~~~~~~~~~~~~~~~~~~~~
    + CategoryInfo          : NotSpecified: (npm verbose cli...\bin\npm-cli.js:String) [], RemoteException
    + FullyQualifiedErrorId : NativeCommandError
 
npm info using npm@11.3.0
npm info using node@v22.13.1
npm verbose title npm test tests/unit/feed-ui-manager.test.js
npm verbose argv "test" "tests/unit/feed-ui-manager.test.js" "--loglevel" "verbose"
npm verbose logfile logs-max:10 dir:C:\Users\Administrator\AppData\Local\npm-cache\_logs\2025-10-08T08_03_01_518Z-
npm verbose logfile C:\Users\Administrator\AppData\Local\npm-cache\_logs\2025-10-08T08_03_01_518Z-debug-0.log

> power-prompt@1.0.0 test
> jest tests/unit/feed-ui-manager.test.js

(node:52396) [DEP0040] DeprecationWarning: The `punycode` module is deprecated. Please use a userland alternative 
instead.
(Use `node --trace-deprecation ...` to show where the warning was created)
FAIL tests/unit/feed-ui-manager.test.js
  FeedUIManager
    Init & SSR
      ΓêÜ init() is idempotent (10 ms)
      ΓêÜ SSR-safe: no crash when window undefined (2 ms)
      ΓêÜ getCapabilities() reflects environment (1 ms)
    IntersectionObserver Path
      ├ù observes only current last image (3 ms)
      ΓêÜ no emit when last image detached (2 ms)
      ΓêÜ dedupe via lastEmittedEl (26 ms)
      ΓêÜ custom scrollRoot respected (1 ms)
    Loading State & Debounce
      ΓêÜ setLoading(true) resets dedupe (1 ms)
      ΓêÜ setLoading(false) schedules re-arm (30 ms)
      ├ù debounce prevents double-fire (173 ms)
    Pause/Resume
      ΓêÜ pause() blocks emits (2 ms)
      ΓêÜ pause() clears pending debounce (606 ms)
      ├ù pause(true) disconnects IO (2 ms)
      ΓêÜ resume() re-arms and checks (59 ms)
    Config Updates
      ΓêÜ no-op when IO-irrelevant changes (1 ms)
      ΓêÜ rebuild when rootMargin changes (1 ms)
      ΓêÜ timing values clamped
    Mutation Hooks
      ΓêÜ notifyFeedChanged() re-arms
      ΓêÜ forceCheckOnMutation option (1 ms)
    Scroll Root Switching
      ΓêÜ setScrollRoot() cleans old listeners (1 ms)
      ΓêÜ setScrollRoot() proactive check (1 ms)
    Cleanup & Lifecycle
      ΓêÜ cleanup() clears all timers
      ΓêÜ no late timers after cleanup (214 ms)
      ΓêÜ global tidy hook (3 ms)
    Event Subscription
      ΓêÜ subscribe() with once option (29 ms)
      ├ù unsubscribe works (31 ms)
    Viewport Logic
      ΓêÜ zero-size element returns false (2 ms)
      ΓêÜ isDestroyed guard in isElementInViewport (1 ms)
    Integration
      ΓêÜ addImageToFeed() only re-arms when added (2 ms)
      ΓêÜ tab service integration (1 ms)
    Observer State API
      ΓêÜ getObserverState() returns frozen object (3 ms)
      ΓêÜ isInstanceDestroyed() accuracy
    Edge Cases
      ΓêÜ rapid append/remove doesnt duplicate observations (2 ms)
      ΓêÜ checkNow() guards against destroyed
      ΓêÜ sanitizeLastEmittedElement guards detached (1 ms)
    Self-Guarding Microtasks
      ΓêÜ late microtasks no-op after destroy (1 ms)
    Batch Mutations
      ΓêÜ batchMutations helper pauses and resumes
      ΓêÜ batchMutations resumes even on error (1 ms)
    Static Methods
      ΓêÜ getAllInstances() returns all managers
      ΓêÜ triggerCheck() calls notifyFeedChanged (1 ms)

  ΓùÅ FeedUIManager ΓÇ║ IntersectionObserver Path ΓÇ║ observes only current last image

    expect(received).toBe(expected) // Object.is equality

    Expected: <div class="image-card" id="img1" />
    Received: null

      174 |             manager.updateIntersectionObserver();
      175 |             
    > 176 |             expect(manager.getObserverState().observedTarget).toBe(img1);
          |                                                               ^
      177 |             
      178 |             const img2 = createImage('img2');
      179 |             feed.appendChild(img2);

      at Object.toBe (tests/unit/feed-ui-manager.test.js:176:63)

  ΓùÅ FeedUIManager ΓÇ║ Loading State & Debounce ΓÇ║ debounce prevents double-fire

    expect(received).toBe(expected) // Object.is equality

    Expected: 1
    Received: 2

      263 |             
      264 |             await wait(100);
    > 265 |             expect(fireCount).toBe(1); // Only one fire
          |                               ^
      266 |             
      267 |             unsub();
      268 |         });

      at Object.toBe (tests/unit/feed-ui-manager.test.js:265:31)

  ΓùÅ FeedUIManager ΓÇ║ Pause/Resume ΓÇ║ pause(true) disconnects IO

    expect(received).toBe(expected) // Object.is equality

    Expected: true
    Received: false

      301 |         test('pause(true) disconnects IO', () => {
      302 |             manager = new FeedUIManager(domManager).init();
    > 303 |             expect(manager.getObserverState().hasObserver).toBe(true);
          |                                                            ^
      304 |             
      305 |             manager.pause(true); // Extreme mode
      306 |             expect(manager.getObserverState().hasObserver).toBe(false);

      at Object.toBe (tests/unit/feed-ui-manager.test.js:303:60)

  ΓùÅ FeedUIManager ΓÇ║ Event Subscription ΓÇ║ unsubscribe works

    expect(received).toBe(expected) // Object.is equality

    Expected: 1
    Received: 2

      499 |             await wait(10);
      500 |             
    > 501 |             expect(count).toBe(1); // Unsubscribed
          |                           ^
      502 |         });
      503 |     });
      504 |

      at Object.toBe (tests/unit/feed-ui-manager.test.js:501:27)

---------------------------------|---------|----------|---------|---------|--------------------------------------------------------------------------------------------------------------------------------------------------------------------------------------------------------------------------------------------------------------------------------------------------------------------------------------------------------------------------------------------------------------------------------------------------------------------------
File                             | % Stmts | % Branch | % Funcs | % Lines | Uncovered Line #s                                                                                                                                                                                                                                                                                                                                                                                                                                                        
---------------------------------|---------|----------|---------|---------|--------------------------------------------------------------------------------------------------------------------------------------------------------------------------------------------------------------------------------------------------------------------------------------------------------------------------------------------------------------------------------------------------------------------------------------------------------------------------
All files                        |    1.13 |     1.26 |    0.95 |    1.16 |                                                                                                                                                                                                                                                                                                                                                                                                                                                                          
 js                              |       0 |        0 |       0 |       0 |                                                                                                                                                                                                                                                                                                                                                                                                                                                                          
  admin.js                       |       0 |        0 |       0 |       0 | 8-572                                                                                                                                                                                                                                                                                                                                                                                                                                                                    
  app.js                         |       0 |        0 |       0 |       0 | 2-363                                                                                                                                                                                                                                                                                                                                                                                                                                                                    
  billing-modular.js             |       0 |        0 |       0 |       0 | 10-103                                                                                                                                                                                                                                                                                                                                                                                                                                                                   
  tools.js                       |       0 |        0 |       0 |       0 | 5-82                                                                                                                                                                                                                                                                                                                                                                                                                                                                     
 js/components                   |       0 |        0 |       0 |       0 |                                                                                                                                                                                                                                                                                                                                                                                                                                                                          
  FormValidator.js               |       0 |        0 |       0 |       0 | 8-89                                                                                                                                                                                                                                                                                                                                                                                                                                                                     
  MediaSelector.js               |       0 |        0 |       0 |       0 | 8-583                                                                                                                                                                                                                                                                                                                                                                                                                                                                    
  ThumbnailSelector.js           |       0 |        0 |       0 |       0 | 7-465                                                                                                                                                                                                                                                                                                                                                                                                                                                                    
  UIController.js                |       0 |        0 |       0 |       0 | 8-166                                                                                                                                                                                                                                                                                                                                                                                                                                                                    
  ai-chat-lazy-loader.js         |       0 |        0 |       0 |       0 | 11-199                                                                                                                                                                                                                                                                                                                                                                                                                                                                   
  ai-chat-widget.js              |       0 |        0 |       0 |       0 | 15-982                                                                                                                                                                                                                                                                                                                                                                                                                                                                   
  ai-image-generator-widget.js   |       0 |        0 |       0 |       0 | 8-579                                                                                                                                                                                                                                                                                                                                                                                                                                                                    
  ai-image-generator.js          |       0 |        0 |       0 |       0 | 8-270                                                                                                                                                                                                                                                                                                                                                                                                                                                                    
  credit-balance-widget.js       |       0 |        0 |       0 |       0 | 8-364                                                                                                                                                                                                                                                                                                                                                                                                                                                                    
  global-credits-modal.js        |       0 |        0 |       0 |       0 | 9-455                                                                                                                                                                                                                                                                                                                                                                                                                                                                    
  header-component.js            |       0 |        0 |       0 |       0 | 4-428                                                                                                                                                                                                                                                                                                                                                                                                                                                                    
  mobile-table.js                |       0 |        0 |       0 |       0 | 7-182                                                                                                                                                                                                                                                                                                                                                                                                                                                                    
  multiselect-dropdown.js        |       0 |        0 |       0 |       0 | 3-325                                                                                                                                                                                                                                                                                                                                                                                                                                                                    
  profile-component.js           |       0 |        0 |       0 |       0 | 7-265                                                                                                                                                                                                                                                                                                                                                                                                                                                                    
  prompt-helpers-form.js         |       0 |        0 |       0 |       0 | 8-198                                                                                                                                                                                                                                                                                                                                                                                                                                                                    
  rating-buttons.js              |       0 |        0 |       0 |       0 | 4-350                                                                                                                                                                                                                                                                                                                                                                                                                                                                    
  simple-drawer.js               |       0 |        0 |       0 |       0 | 6-562                                                                                                                                                                                                                                                                                                                                                                                                                                                                    
  theme-manager.js               |       0 |        0 |       0 |       0 | 7-235                                                                                                                                                                                                                                                                                                                                                                                                                                                                    
  transaction-stats-component.js |       0 |        0 |       0 |       0 | 4-348                                                                                                                                                                                                                                                                                                                                                                                                                                                                    
 js/components/image             |       0 |        0 |       0 |       0 |                                                                                                                                                                                                                                                                                                                                                                                                                                                                          
  fullscreen-components.js       |       0 |        0 |       0 |       0 | 11-407                                                                                                                                                                                                                                                                                                                                                                                                                                                                   
  image-component.js             |       0 |        0 |       0 |       0 | 4-259                                                                                                                                                                                                                                                                                                                                                                                                                                                                    
  image-data.js                  |       0 |        0 |       0 |       0 | 4-363                                                                                                                                                                                                                                                                                                                                                                                                                                                                    
  image-elements.js              |       0 |        0 |       0 |       0 | 11-370                                                                                                                                                                                                                                                                                                                                                                                                                                                                   
  image-events.js                |       0 |        0 |       0 |       0 | 7-490                                                                                                                                                                                                                                                                                                                                                                                                                                                                    
  image-manager.js               |       0 |        0 |       0 |       0 | 5-817                                                                                                                                                                                                                                                                                                                                                                                                                                                                    
  image-placeholder-handler.js   |       0 |        0 |       0 |       0 | 11-289                                                                                                                                                                                                                                                                                                                                                                                                                                                                   
  image-ui-manager.js            |       0 |        0 |       0 |       0 | 12-392                                                                                                                                                                                                                                                                                                                                                                                                                                                                   
  navigation-controls.js         |       0 |        0 |       0 |       0 | 7-315                                                                                                                                                                                                                                                                                                                                                                                                                                                                    
  navigation-test.js             |       0 |        0 |       0 |       0 | 6-126                                                                                                                                                                                                                                                                                                                                                                                                                                                                    
  ui-config.js                   |       0 |        0 |       0 |       0 | 11-176                                                                                                                                                                                                                                                                                                                                                                                                                                                                   
  unified-info-box.js            |       0 |        0 |       0 |       0 | 12-1055                                                                                                                                                                                                                                                                                                                                                                                                                                                                  
  unified-navigation.js          |       0 |        0 |       0 |       0 | 5-1019                                                                                                                                                                                                                                                                                                                                                                                                                                                                   
 js/components/image/ui          |       0 |        0 |       0 |       0 |                                                                                                                                                                                                                                                                                                                                                                                                                                                                          
  ui-config.js                   |       0 |        0 |       0 |       0 | 4-53                                                                                                                                                                                                                                                                                                                                                                                                                                                                     
 js/components/messaging         |       0 |        0 |       0 |       0 |                                                                                                                                                                                                                                                                                                                                                                                                                                                                          
  admin-messaging.js             |       0 |        0 |       0 |       0 | 7-605                                                                                                                                                                                                                                                                                                                                                                                                                                                                    
  message-component.js           |       0 |        0 |       0 |       0 | 7-237                                                                                                                                                                                                                                                                                                                                                                                                                                                                    
  user-messaging.js              |       0 |        0 |       0 |       0 | 7-470                                                                                                                                                                                                                                                                                                                                                                                                                                                                    
 js/config                       |       0 |      100 |       0 |       0 |                                                                                                                                                                                                                                                                                                                                                                                                                                                                          
  prompt-helpers.js              |       0 |      100 |       0 |       0 | 10-74                                                                                                                                                                                                                                                                                                                                                                                                                                                                    
  tailwind-config.js             |       0 |      100 |     100 |       0 | 2                                                                                                                                                                                                                                                                                                                                                                                                                                                                        
 js/core                         |       0 |        0 |       0 |       0 |                                                                                                                                                                                                                                                                                                                                                                                                                                                                          
  api-service.js                 |       0 |        0 |       0 |       0 | 9-668                                                                                                                                                                                                                                                                                                                                                                                                                                                                    
  auth-service.js                |       0 |        0 |       0 |       0 | 10-382                                                                                                                                                                                                                                                                                                                                                                                                                                                                   
  auth-utils.js                  |       0 |        0 |       0 |       0 | 4-259                                                                                                                                                                                                                                                                                                                                                                                                                                                                    
  constants.js                   |       0 |        0 |     100 |       0 | 2-285                                                                                                                                                                                                                                                                                                                                                                                                                                                                    
  error-handler.js               |       0 |        0 |       0 |       0 | 8-217                                                                                                                                                                                                                                                                                                                                                                                                                                                                    
  image-factory.js               |       0 |        0 |       0 |       0 | 9-140                                                                                                                                                                                                                                                                                                                                                                                                                                                                    
  notification-service.js        |       0 |        0 |       0 |       0 | 8-215                                                                                                                                                                                                                                                                                                                                                                                                                                                                    
  prompt-history-service.js      |       0 |        0 |       0 |       0 | 3-537                                                                                                                                                                                                                                                                                                                                                                                                                                                                    
  unified-auth-utils.js          |       0 |        0 |       0 |       0 | 10-490                                                                                                                                                                                                                                                                                                                                                                                                                                                                   
  user-service.js                |       0 |        0 |       0 |       0 | 10-291                                                                                                                                                                                                                                                                                                                                                                                                                                                                   
  user-system.js                 |       0 |        0 |       0 |       0 | 10-658                                                                                                                                                                                                                                                                                                                                                                                                                                                                   
  utils.js                       |       0 |        0 |       0 |       0 | 2-237                                                                                                                                                                                                                                                                                                                                                                                                                                                                    
 js/models                       |       0 |        0 |       0 |       0 |                                                                                                                                                                                                                                                                                                                                                                                                                                                                          
  AdminModels.js                 |       0 |        0 |       0 |       0 | 2-1148                                                                                                                                                                                                                                                                                                                                                                                                                                                                   
 js/modules                      |       0 |        0 |       0 |       0 |                                                                                                                                                                                                                                                                                                                                                                                                                                                                          
  ImageDetection.js              |       0 |        0 |       0 |       0 | 7-35                                                                                                                                                                                                                                                                                                                                                                                                                                                                     
  NotificationManager.js         |       0 |        0 |       0 |       0 | 8-97                                                                                                                                                                                                                                                                                                                                                                                                                                                                     
  TouchEventHandler.js           |       0 |        0 |       0 |       0 | 8-156                                                                                                                                                                                                                                                                                                                                                                                                                                                                    
  image-dom-manager.js           |       0 |        0 |       0 |       0 | 14-592                                                                                                                                                                                                                                                                                                                                                                                                                                                                   
  image-generation-api.js        |       0 |        0 |       0 |       0 | 10-276                                                                                                                                                                                                                                                                                                                                                                                                                                                                   
  image-ui-state.js              |       0 |        0 |       0 |       0 | 10-398                                                                                                                                                                                                                                                                                                                                                                                                                                                                   
  images-manager.js              |       0 |        0 |       0 |       0 | 8-340                                                                                                                                                                                                                                                                                                                                                                                                                                                                    
  profile-feed-manager.js        |       0 |        0 |       0 |       0 | 8-783                                                                                                                                                                                                                                                                                                                                                                                                                                                                    
  profile-router.js              |       0 |        0 |       0 |       0 | 7-258                                                                                                                                                                                                                                                                                                                                                                                                                                                                    
  search.js                      |       0 |        0 |       0 |       0 | 4-173                                                                                                                                                                                                                                                                                                                                                                                                                                                                    
  textarea.js                    |       0 |        0 |       0 |       0 | 13-33                                                                                                                                                                                                                                                                                                                                                                                                                                                                    
 js/modules/admin                |       0 |        0 |       0 |       0 |                                                                                                                                                                                                                                                                                                                                                                                                                                                                          
  AdminEventHandler.js           |       0 |        0 |       0 |       0 | 8-272                                                                                                                                                                                                                                                                                                                                                                                                                                                                    
  AdminModalManager.js           |       0 |        0 |       0 |       0 | 8-281                                                                                                                                                                                                                                                                                                                                                                                                                                                                    
  AdminPackageManager.js         |       0 |        0 |       0 |       0 | 9-1356                                                                                                                                                                                                                                                                                                                                                                                                                                                                   
  AdminPromoCardsManager.js      |       0 |        0 |       0 |       0 | 9-407                                                                                                                                                                                                                                                                                                                                                                                                                                                                    
  admin-api-service.js           |       0 |        0 |       0 |       0 | 10-540                                                                                                                                                                                                                                                                                                                                                                                                                                                                   
  admin-dashboard-manager.js     |       0 |        0 |       0 |       0 | 11-445                                                                                                                                                                                                                                                                                                                                                                                                                                                                   
  admin-demo-data.js             |       0 |        0 |       0 |       0 | 8-469                                                                                                                                                                                                                                                                                                                                                                                                                                                                    
  admin-shared-table.js          |       0 |        0 |       0 |       0 | 8-1030                                                                                                                                                                                                                                                                                                                                                                                                                                                                   
  admin-ui-renderer.js           |       0 |        0 |       0 |       0 | 12-780                                                                                                                                                                                                                                                                                                                                                                                                                                                                   
 js/modules/admin/auth           |       0 |        0 |       0 |       0 |                                                                                                                                                                                                                                                                                                                                                                                                                                                                          
  AdminAuthManager.js            |       0 |        0 |       0 |       0 | 13-226                                                                                                                                                                                                                                                                                                                                                                                                                                                                   
  admin-auth-check.js            |       0 |        0 |       0 |       0 | 8-315                                                                                                                                                                                                                                                                                                                                                                                                                                                                    
  admin-auth-utils.js            |       0 |        0 |       0 |       0 | 12-88                                                                                                                                                                                                                                                                                                                                                                                                                                                                    
 js/modules/admin/core           |       0 |        0 |       0 |       0 |                                                                                                                                                                                                                                                                                                                                                                                                                                                                          
  AdminActionHandler.js          |       0 |        0 |       0 |       0 | 15-428                                                                                                                                                                                                                                                                                                                                                                                                                                                                   
  AdminEventBus.js               |       0 |        0 |       0 |       0 | 14-141                                                                                                                                                                                                                                                                                                                                                                                                                                                                   
  admin-api-service.js           |       0 |        0 |       0 |       0 | 10-540                                                                                                                                                                                                                                                                                                                                                                                                                                                                   
  admin-dashboard-manager.js     |       0 |        0 |       0 |       0 | 11-362                                                                                                                                                                                                                                                                                                                                                                                                                                                                   
  admin-demo-data.js             |       0 |        0 |       0 |       0 | 8-469                                                                                                                                                                                                                                                                                                                                                                                                                                                                    
  admin-error-monitor.js         |       0 |        0 |       0 |       0 | 7-60                                                                                                                                                                                                                                                                                                                                                                                                                                                                     
 js/modules/admin/legacy         |       0 |        0 |       0 |       0 |                                                                                                                                                                                                                                                                                                                                                                                                                                                                          
  AdminImageManager.js           |       0 |        0 |       0 |       0 | 10-470                                                                                                                                                                                                                                                                                                                                                                                                                                                                   
  AdminPromoCodeModal.js         |       0 |        0 |       0 |       0 | 8-579                                                                                                                                                                                                                                                                                                                                                                                                                                                                    
  AdminPromoManager.js           |       0 |        0 |       0 |       0 | 13-204                                                                                                                                                                                                                                                                                                                                                                                                                                                                   
  AdminUserManager.js            |       0 |        0 |       0 |       0 | 13-443                                                                                                                                                                                                                                                                                                                                                                                                                                                                   
 js/modules/admin/managers       |       0 |        0 |       0 |       0 |                                                                                                                                                                                                                                                                                                                                                                                                                                                                          
  AdminModalFunctions.js         |       0 |        0 |       0 |       0 | 14-311                                                                                                                                                                                                                                                                                                                                                                                                                                                                   
  AdminSummaryRenderer.js        |       0 |        0 |       0 |       0 | 14-516                                                                                                                                                                                                                                                                                                                                                                                                                                                                   
  AdminTermsManager.js           |       0 |        0 |       0 |       0 | 8-1189                                                                                                                                                                                                                                                                                                                                                                                                                                                                   
  SystemSettingsManager.js       |       0 |        0 |       0 |       0 | 10-399                                                                                                                                                                                                                                                                                                                                                                                                                                                                   
 js/modules/admin/services       |       0 |        0 |       0 |       0 |                                                                                                                                                                                                                                                                                                                                                                                                                                                                          
  admin-history-manager.js       |       0 |        0 |       0 |       0 | 10-294                                                                                                                                                                                                                                                                                                                                                                                                                                                                   
  admin-notification-system.js   |       0 |        0 |       0 |       0 | 7-138                                                                                                                                                                                                                                                                                                                                                                                                                                                                    
  admin-queue-monitor.js         |       0 |        0 |       0 |       0 | 12-1231                                                                                                                                                                                                                                                                                                                                                                                                                                                                  
  admin-queue-service.js         |       0 |        0 |       0 |       0 | 8-185                                                                                                                                                                                                                                                                                                                                                                                                                                                                    
  admin-router.js                |       0 |        0 |       0 |       0 | 7-328                                                                                                                                                                                                                                                                                                                                                                                                                                                                    
  admin-snapshot-service.js      |       0 |        0 |       0 |       0 | 10-102                                                                                                                                                                                                                                                                                                                                                                                                                                                                   
 js/modules/admin/tests          |       0 |        0 |       0 |       0 |                                                                                                                                                                                                                                                                                                                                                                                                                                                                          
  AdminEventSystemTest.js        |       0 |        0 |       0 |       0 | 8-160                                                                                                                                                                                                                                                                                                                                                                                                                                                                    
 js/modules/admin/ui             |       0 |        0 |       0 |       0 |                                                                                                                                                                                                                                                                                                                                                                                                                                                                          
  AdminModalManager.js           |       0 |        0 |       0 |       0 | 8-279                                                                                                                                                                                                                                                                                                                                                                                                                                                                    
  AdminUtils.js                  |       0 |        0 |       0 |       0 | 13-252                                                                                                                                                                                                                                                                                                                                                                                                                                                                   
  admin-pricing-calculator-ui.js |       0 |        0 |       0 |       0 | 8-704                                                                                                                                                                                                                                                                                                                                                                                                                                                                    
  admin-pricing-calculator.js    |       0 |        0 |       0 |       0 | 8-183                                                                                                                                                                                                                                                                                                                                                                                                                                                                    
  admin-shared-table.js          |       0 |        0 |       0 |       0 | 8-1069                                                                                                                                                                                                                                                                                                                                                                                                                                                                   
 js/modules/billing              |       0 |        0 |       0 |       0 |                                                                                                                                                                                                                                                                                                                                                                                                                                                                          
  billing-api-manager.js         |       0 |        0 |       0 |       0 | 6-271                                                                                                                                                                                                                                                                                                                                                                                                                                                                    
  billing-constants.js           |       0 |        0 |     100 |       0 | 2-149                                                                                                                                                                                                                                                                                                                                                                                                                                                                    
  billing-data-manager.js        |       0 |        0 |       0 |       0 | 6-273                                                                                                                                                                                                                                                                                                                                                                                                                                                                    
  billing-dom-manager.js         |       0 |        0 |       0 |       0 | 8-366                                                                                                                                                                                                                                                                                                                                                                                                                                                                    
  billing-manager.js             |       0 |        0 |       0 |       0 | 6-437                                                                                                                                                                                                                                                                                                                                                                                                                                                                    
  billing-ui-manager.js          |       0 |        0 |       0 |       0 | 6-643                                                                                                                                                                                                                                                                                                                                                                                                                                                                    
 js/modules/feed                 |   15.64 |    15.76 |    14.2 |   15.78 |                                                                                                                                                                                                                                                                                                                                                                                                                                                                          
  feed-api-manager.js            |       0 |        0 |       0 |       0 | 4-205                                                                                                                                                                                                                                                                                                                                                                                                                                                                    
  feed-cache-manager.js          |       0 |        0 |       0 |       0 | 4-205                                                                                                                                                                                                                                                                                                                                                                                                                                                                    
  feed-constants.js              |       0 |        0 |     100 |       0 | 2-93                                                                                                                                                                                                                                                                                                                                                                                                                                                                     
  feed-dom-operations.js         |       0 |        0 |       0 |       0 | 4-234                                                                                                                                                                                                                                                                                                                                                                                                                                                                    
  feed-download-manager.js       |       0 |        0 |       0 |       0 | 7-114                                                                                                                                                                                                                                                                                                                                                                                                                                                                    
  feed-filter-manager.js         |       0 |        0 |       0 |       0 | 4-419                                                                                                                                                                                                                                                                                                                                                                                                                                                                    
  feed-image-handler.js          |       0 |        0 |       0 |       0 | 4-149                                                                                                                                                                                                                                                                                                                                                                                                                                                                    
  feed-manager-core.js           |       0 |        0 |       0 |       0 | 6-583                                                                                                                                                                                                                                                                                                                                                                                                                                                                    
  feed-tag-ui.js                 |       0 |        0 |       0 |       0 | 18-165                                                                                                                                                                                                                                                                                                                                                                                                                                                                   
  feed-transition-manager.js     |       0 |        0 |       0 |       0 | 6-137                                                                                                                                                                                                                                                                                                                                                                                                                                                                    
  feed-ui-event-factory.js       |       0 |        0 |       0 |       0 | 6-44                                                                                                                                                                                                                                                                                                                                                                                                                                                                     
  feed-ui-helpers.js             |       0 |        0 |       0 |       0 | 7-124                                                                                                                                                                                                                                                                                                                                                                                                                                                                    
  feed-ui-manager.js             |   53.01 |    47.88 |   54.44 |   53.01 | 98-101,110,121,132,137,171,176-185,205-206,211-215,224-244,262-263,273-274,278-319,341,358-359,393,403,414,434-443,471-567,597,604,622,651-716,732-776,792,799,812,836,843,847,853-854,864-868,873-877,905-913,925-967,985-989,996-1004,1010-1013,1024-1026,1059-1063,1068-1069,1074-1075,1080-1081,1086-1090,1121,1126,1138,1161-1162,1176-1178,1187,1206-1210,1224-1227,1256,1271,1297-1298,1308-1312,1317-1321,1352,1366-1368,1379,1386-1397,1408,1429,1444,1454-1469 
  feed-view-manager.js           |       0 |        0 |       0 |       0 | 4-374                                                                                                                                                                                                                                                                                                                                                                                                                                                                    
  fill-to-bottom-manager.js      |       0 |        0 |       0 |       0 | 4-172                                                                                                                                                                                                                                                                                                                                                                                                                                                                    
  hybrid-tab-service.js          |       0 |        0 |       0 |       0 | 4-228                                                                                                                                                                                                                                                                                                                                                                                                                                                                    
  image-count-manager.js         |       0 |        0 |       0 |       0 | 4-324                                                                                                                                                                                                                                                                                                                                                                                                                                                                    
 js/modules/guidance             |       0 |        0 |       0 |       0 |                                                                                                                                                                                                                                                                                                                                                                                                                                                                          
  guidance-manager.js            |       0 |        0 |       0 |       0 | 4-138                                                                                                                                                                                                                                                                                                                                                                                                                                                                    
 js/modules/image                |       0 |        0 |       0 |       0 |                                                                                                                                                                                                                                                                                                                                                                                                                                                                          
  ImageDOMContracts.js           |       0 |        0 |       0 |       0 | 16-324                                                                                                                                                                                                                                                                                                                                                                                                                                                                   
  ImageDataManager.js            |       0 |        0 |       0 |       0 | 7-420                                                                                                                                                                                                                                                                                                                                                                                                                                                                    
  ImageElementFactory.js         |       0 |        0 |       0 |       0 | 7-247                                                                                                                                                                                                                                                                                                                                                                                                                                                                    
  ImageViewManager.js            |       0 |        0 |       0 |       0 | 7-362                                                                                                                                                                                                                                                                                                                                                                                                                                                                    
  LoadingPlaceholderFactory.js   |       0 |        0 |       0 |       0 | 7-510                                                                                                                                                                                                                                                                                                                                                                                                                                                                    
 js/modules/profile              |       0 |        0 |       0 |       0 |                                                                                                                                                                                                                                                                                                                                                                                                                                                                          
  api-service.js                 |       0 |        0 |       0 |       0 | 13-109                                                                                                                                                                                                                                                                                                                                                                                                                                                                   
  auth-utils.js                  |       0 |        0 |       0 |       0 | 11-112                                                                                                                                                                                                                                                                                                                                                                                                                                                                   
  avatar-manager.js              |       0 |        0 |       0 |       0 | 11-208                                                                                                                                                                                                                                                                                                                                                                                                                                                                   
  dom-manager.js                 |       0 |        0 |       0 |       0 | 8-517                                                                                                                                                                                                                                                                                                                                                                                                                                                                    
  form-validator.js              |       0 |        0 |       0 |       0 | 11-133                                                                                                                                                                                                                                                                                                                                                                                                                                                                   
  profile-manager-refactored.js  |       0 |        0 |       0 |       0 | 15-559                                                                                                                                                                                                                                                                                                                                                                                                                                                                   
 js/modules/prompts              |       0 |        0 |       0 |       0 |                                                                                                                                                                                                                                                                                                                                                                                                                                                                          
  prompts-manager.js             |       0 |        0 |       0 |       0 | 4-356                                                                                                                                                                                                                                                                                                                                                                                                                                                                    
 js/modules/providers            |       0 |        0 |       0 |       0 |                                                                                                                                                                                                                                                                                                                                                                                                                                                                          
  provider-manager.js            |       0 |        0 |       0 |       0 | 4-469                                                                                                                                                                                                                                                                                                                                                                                                                                                                    
 js/modules/rating               |       0 |        0 |       0 |       0 |                                                                                                                                                                                                                                                                                                                                                                                                                                                                          
  rating-manager.js              |       0 |        0 |       0 |       0 | 4-419                                                                                                                                                                                                                                                                                                                                                                                                                                                                    
 js/modules/shared               |       0 |        0 |       0 |       0 |                                                                                                                                                                                                                                                                                                                                                                                                                                                                          
  dual-view-loading-manager.js   |       0 |        0 |       0 |       0 | 9-592                                                                                                                                                                                                                                                                                                                                                                                                                                                                    
  image-dom-utils.js             |       0 |        0 |       0 |       0 | 13-451                                                                                                                                                                                                                                                                                                                                                                                                                                                                   
  image-view-utils.js            |       0 |        0 |       0 |       0 | 13-1025                                                                                                                                                                                                                                                                                                                                                                                                                                                                  
 js/modules/stats                |       0 |        0 |       0 |       0 |                                                                                                                                                                                                                                                                                                                                                                                                                                                                          
  stats-manager.js               |       0 |        0 |       0 |       0 | 4-177                                                                                                                                                                                                                                                                                                                                                                                                                                                                    
 js/modules/terms                |       0 |        0 |       0 |       0 |                                                                                                                                                                                                                                                                                                                                                                                                                                                                          
  terms-api-manager.js           |       0 |        0 |       0 |       0 | 4-458                                                                                                                                                                                                                                                                                                                                                                                                                                                                    
  terms-cache-manager.js         |       0 |        0 |       0 |       0 | 4-287                                                                                                                                                                                                                                                                                                                                                                                                                                                                    
  terms-constants.js             |       0 |        0 |     100 |       0 | 2-71                                                                                                                                                                                                                                                                                                                                                                                                                                                                     
  terms-dom-manager.js           |       0 |        0 |       0 |       0 | 5-602                                                                                                                                                                                                                                                                                                                                                                                                                                                                    
  terms-manager-refactored.js    |       0 |        0 |       0 |       0 | 4-555                                                                                                                                                                                                                                                                                                                                                                                                                                                                    
  terms-search-service.js        |       0 |        0 |       0 |       0 | 4-316                                                                                                                                                                                                                                                                                                                                                                                                                                                                    
  terms-ui-manager.js            |       0 |        0 |       0 |       0 | 5-694                                                                                                                                                                                                                                                                                                                                                                                                                                                                    
 js/modules/textarea             |       0 |        0 |       0 |       0 |                                                                                                                                                                                                                                                                                                                                                                                                                                                                          
  auto-resize-manager.js         |       0 |        0 |       0 |       0 | 7-385                                                                                                                                                                                                                                                                                                                                                                                                                                                                    
  event-manager.js               |       0 |        0 |       0 |       0 | 7-215                                                                                                                                                                                                                                                                                                                                                                                                                                                                    
  match-manager.js               |       0 |        0 |       0 |       0 | 7-270                                                                                                                                                                                                                                                                                                                                                                                                                                                                    
  match-processor.js             |       0 |        0 |       0 |       0 | 10-239                                                                                                                                                                                                                                                                                                                                                                                                                                                                   
  search-replace.js              |       0 |        0 |       0 |       0 | 11-193                                                                                                                                                                                                                                                                                                                                                                                                                                                                   
  text-utils.js                  |       0 |        0 |       0 |       0 | 11-234                                                                                                                                                                                                                                                                                                                                                                                                                                                                   
  textarea-manager-tests.js      |       0 |        0 |       0 |       0 | 12-206                                                                                                                                                                                                                                                                                                                                                                                                                                                                   
  textarea-manager.js            |       0 |        0 |       0 |       0 | 41-1106                                                                                                                                                                                                                                                                                                                                                                                                                                                                  
  textarea-utils.js              |       0 |        0 |       0 |       0 | 7-294                                                                                                                                                                                                                                                                                                                                                                                                                                                                    
 js/pages                        |       0 |        0 |       0 |       0 |                                                                                                                                                                                                                                                                                                                                                                                                                                                                          
  blog-index.js                  |       0 |        0 |       0 |       0 | 8-671                                                                                                                                                                                                                                                                                                                                                                                                                                                                    
  blog-post-edit.js              |       0 |        0 |       0 |       0 | 8-357                                                                                                                                                                                                                                                                                                                                                                                                                                                                    
  blog-post-refactored.js        |       0 |        0 |       0 |       0 | 8-364                                                                                                                                                                                                                                                                                                                                                                                                                                                                    
  blog-post-view.js              |       0 |        0 |       0 |       0 | 8-455                                                                                                                                                                                                                                                                                                                                                                                                                                                                    
 js/services                     |       0 |        0 |       0 |       0 |                                                                                                                                                                                                                                                                                                                                                                                                                                                                          
  CreditsModalService.js         |       0 |        0 |       0 |       0 | 8-333                                                                                                                                                                                                                                                                                                                                                                                                                                                                    
  FormGenerator.js               |       0 |        0 |       0 |       0 | 7-726                                                                                                                                                                                                                                                                                                                                                                                                                                                                    
  UnifiedCreditService.js        |       0 |        0 |       0 |       0 | 9-492                                                                                                                                                                                                                                                                                                                                                                                                                                                                    
  ai-image-generator-service.js  |       0 |        0 |       0 |       0 | 8-222                                                                                                                                                                                                                                                                                                                                                                                                                                                                    
  blog-service.js                |       0 |        0 |       0 |       0 | 9-302                                                                                                                                                                                                                                                                                                                                                                                                                                                                    
  messaging-service.js           |       0 |        0 |       0 |       0 | 7-427                                                                                                                                                                                                                                                                                                                                                                                                                                                                    
  prompt-organizer-service.js    |       0 |        0 |       0 |       0 | 10-226                                                                                                                                                                                                                                                                                                                                                                                                                                                                   
  public-status-service.js       |       0 |        0 |       0 |       0 | 8-430                                                                                                                                                                                                                                                                                                                                                                                                                                                                    
  speech-to-text-service.js      |       0 |        0 |       0 |       0 | 7-274                                                                                                                                                                                                                                                                                                                                                                                                                                                                    
  stats-service.js               |       0 |        0 |       0 |       0 | 6-300                                                                                                                                                                                                                                                                                                                                                                                                                                                                    
  unified-event-service.js       |       0 |        0 |       0 |       0 | 8-241                                                                                                                                                                                                                                                                                                                                                                                                                                                                    
  unified-stats-service.js       |       0 |        0 |       0 |       0 | 8-274                                                                                                                                                                                                                                                                                                                                                                                                                                                                    
 js/shared                       |       0 |        0 |       0 |       0 |                                                                                                                                                                                                                                                                                                                                                                                                                                                                          
  CreditPurchaseModal.js         |       0 |        0 |       0 |       0 | 9-454                                                                                                                                                                                                                                                                                                                                                                                                                                                                    
 js/tests                        |       0 |        0 |       0 |       0 |                                                                                                                                                                                                                                                                                                                                                                                                                                                                          
  profile-avatar-tests.js        |       0 |        0 |       0 |       0 | 8-390                                                                                                                                                                                                                                                                                                                                                                                                                                                                    
  sanity-test-suite.js           |       0 |        0 |       0 |       0 | 8-286                                                                                                                                                                                                                                                                                                                                                                                                                                                                    
 js/themes                       |       0 |        0 |       0 |       0 |                                                                                                                                                                                                                                                                                                                                                                                                                                                                          
  SimpleThemeService.js          |       0 |        0 |       0 |       0 | 7-229                                                                                                                                                                                                                                                                                                                                                                                                                                                                    
  ThemeCSSGenerator.js           |       0 |        0 |       0 |       0 | 10-357                                                                                                                                                                                                                                                                                                                                                                                                                                                                   
  ThemePreview.js                |       0 |        0 |       0 |       0 | 7-227                                                                                                                                                                                                                                                                                                                                                                                                                                                                    
  ThemeReadabilityTester.js      |       0 |        0 |       0 |       0 | 7-326                                                                                                                                                                                                                                                                                                                                                                                                                                                                    
  ThemeValidator.js              |       0 |        0 |       0 |       0 | 7-233                                                                                                                                                                                                                                                                                                                                                                                                                                                                    
 js/themes/composers             |       0 |        0 |       0 |       0 |                                                                                                                                                                                                                                                                                                                                                                                                                                                                          
  ThemeComposer.js               |       0 |        0 |       0 |       0 | 8-200                                                                                                                                                                                                                                                                                                                                                                                                                                                                    
 js/themes/managers              |       0 |        0 |       0 |       0 |                                                                                                                                                                                                                                                                                                                                                                                                                                                                          
  ColorPaletteManager.js         |       0 |        0 |       0 |       0 | 8-711                                                                                                                                                                                                                                                                                                                                                                                                                                                                    
 js/utils                        |       0 |        0 |       0 |       0 |                                                                                                                                                                                                                                                                                                                                                                                                                                                                          
  BlogAdminUtils.js              |       0 |        0 |       0 |       0 | 8-112                                                                                                                                                                                                                                                                                                                                                                                                                                                                    
  BlogUIUtils.js                 |       0 |        0 |       0 |       0 | 8-184                                                                                                                                                                                                                                                                                                                                                                                                                                                                    
  ContentEditor.js               |       0 |        0 |       0 |       0 | 8-401                                                                                                                                                                                                                                                                                                                                                                                                                                                                    
  ErrorHandler.js                |       0 |        0 |       0 |       0 | 8-181                                                                                                                                                                                                                                                                                                                                                                                                                                                                    
  MediaRenderer.js               |       0 |        0 |       0 |       0 | 8-222                                                                                                                                                                                                                                                                                                                                                                                                                                                                    
  PerformanceUtils.js            |       0 |        0 |       0 |       0 | 16-142                                                                                                                                                                                                                                                                                                                                                                                                                                                                   
  ThumbnailFallback.js           |       0 |        0 |       0 |       0 | 8-203                                                                                                                                                                                                                                                                                                                                                                                                                                                                    
  input-helpers.js               |       0 |        0 |       0 |       0 | 9-73                                                                                                                                                                                                                                                                                                                                                                                                                                                                     
  overlay-manager.js             |       0 |        0 |       0 |       0 | 7-81                                                                                                                                                                                                                                                                                                                                                                                                                                                                     
  tag-router.js                  |       0 |        0 |       0 |       0 | 7-267                                                                                                                                                                                                                                                                                                                                                                                                                                                                    
  tag-utils.js                   |       0 |        0 |       0 |       0 | 12-73                                                                                                                                                                                                                                                                                                                                                                                                                                                                    
---------------------------------|---------|----------|---------|---------|--------------------------------------------------------------------------------------------------------------------------------------------------------------------------------------------------------------------------------------------------------------------------------------------------------------------------------------------------------------------------------------------------------------------------------------------------------------------------
Jest: "global" coverage threshold for statements (10%) not met: 1.13%
Jest: "global" coverage threshold for branches (10%) not met: 1.26%
Jest: "global" coverage threshold for lines (10%) not met: 1.16%
Jest: "global" coverage threshold for functions (10%) not met: 0.95%
Test Suites: 1 failed, 1 total
Tests:       4 failed, 36 passed, 40 total
Snapshots:   0 total
Time:        8.206 s
Ran all test suites matching /tests\\unit\\feed-ui-manager.test.js/i.
npm verbose cwd C:\wamp64\www\image-harvest
npm verbose os Windows_NT 10.0.26100
npm verbose node v22.13.1
npm verbose npm  v11.3.0
npm verbose exit 1
npm verbose code 1
